// Jest Snapshot v1, https://goo.gl/fbAQLP

exports[`Missions Component Missions matches snapshot 1`] = `
<DocumentFragment>
  <table
    class="table table-striped table-bordered table-hover"
  >
    <thead>
      <tr>
        <th
          class="mission-name"
        >
          Mission
        </th>
        <th>
          Description
        </th>
        <th>
          Status
        </th>
        <th>
          Actions
        </th>
      </tr>
    </thead>
    <tbody>
      <tr>
        <td
          class="mission-name"
        >
          Test Mission
        </td>
        <td>
          Test Description
        </td>
        <td>
          <button
            class="not-a-member"
            disabled=""
            style="color: white; background-color: rgb(119, 119, 119); cursor: default;"
            type="button"
          >
            Not a Member
          </button>
        </td>
        <td>
          <button
            style="border: 1px solid black; background-color: transparent; color: black;"
            type="button"
          >
            Join Mission
          </button>
        </td>
      </tr>
    </tbody>
  </table>
</DocumentFragment>
`;
